../Drivers/CMSIS/Include/core_cm4.h:1939:34:__NVIC_SystemReset	4	static,ignoring_inline_asm
../Core/Src/main.c:94:6:HAL_TIM_PeriodElapsedCallback	16	static
../Core/Src/main.c:114:6:HAL_CAN_RxFifo0MsgPendingCallback	16	static
../Core/Src/main.c:126:6:adcHandle	8	static
../Core/Src/main.c:176:5:main	8	static
../Core/Src/main.c:230:6:SystemClock_Config	88	static
../Core/Src/main.c:276:13:MX_CAN1_Init	48	static
../Core/Src/main.c:328:13:MX_TIM2_Init	64	static
../Core/Src/main.c:387:13:MX_GPIO_Init	48	static
../Core/Src/main.c:430:6:Error_Handler	4	static,ignoring_inline_asm
