../../Drivers/CMSIS/Include/core_cm4.h:1939:34:__NVIC_SystemReset	4	static,ignoring_inline_asm
D:/231/HTDKN/test_UART/test_UART/Core/Src/main.c:101:10:subString	32	static
D:/231/HTDKN/test_UART/test_UART/Core/Src/main.c:113:6:StrCompare	32	static
D:/231/HTDKN/test_UART/test_UART/Core/Src/main.c:126:6:WriteComm	16	static
D:/231/HTDKN/test_UART/test_UART/Core/Src/main.c:131:6:ReadComm	16	static
D:/231/HTDKN/test_UART/test_UART/Core/Src/main.c:146:6:HAL_CAN_RxFifo0MsgPendingCallback	24	static
D:/231/HTDKN/test_UART/test_UART/Core/Src/main.c:189:6:HAL_UART_RxCpltCallback	16	static
D:/231/HTDKN/test_UART/test_UART/Core/Src/main.c:198:6:serialProcess	16	static
D:/231/HTDKN/test_UART/test_UART/Core/Src/main.c:316:5:main	8	static
D:/231/HTDKN/test_UART/test_UART/Core/Src/main.c:370:6:SystemClock_Config	88	static
D:/231/HTDKN/test_UART/test_UART/Core/Src/main.c:417:13:MX_CAN1_Init	48	static
D:/231/HTDKN/test_UART/test_UART/Core/Src/main.c:467:13:MX_IWDG_Init	8	static
D:/231/HTDKN/test_UART/test_UART/Core/Src/main.c:495:13:MX_USART2_UART_Init	8	static
D:/231/HTDKN/test_UART/test_UART/Core/Src/main.c:526:13:MX_DMA_Init	16	static
D:/231/HTDKN/test_UART/test_UART/Core/Src/main.c:547:13:MX_GPIO_Init	48	static
D:/231/HTDKN/test_UART/test_UART/Core/Src/main.c:581:6:Error_Handler	4	static,ignoring_inline_asm
