../Drivers/CMSIS/Include/core_cm4.h:1939:34:__NVIC_SystemReset	4	static,ignoring_inline_asm
../Core/Src/main.c:80:6:HAL_CAN_RxFifo0MsgPendingCallback	16	static
../Core/Src/main.c:122:6:HAL_GPIO_EXTI_Callback	16	static
../Core/Src/main.c:145:6:HAL_ADC_ConvCpltCallback	16	static
../Core/Src/main.c:159:6:HAL_TIM_PeriodElapsedCallback	16	static
../Core/Src/main.c:190:5:main	8	static
../Core/Src/main.c:257:6:SystemClock_Config	88	static
../Core/Src/main.c:303:13:MX_ADC1_Init	24	static
../Core/Src/main.c:355:13:MX_CAN1_Init	48	static
../Core/Src/main.c:406:13:MX_TIM1_Init	32	static
../Core/Src/main.c:450:13:MX_DMA_Init	16	static
../Core/Src/main.c:468:13:MX_GPIO_Init	48	static
../Core/Src/main.c:515:6:Error_Handler	4	static,ignoring_inline_asm
